C51 COMPILER V9.50a   ENDSEM1                                                              10/27/2018 15:22:00 PAGE 1   


C51 COMPILER V9.50a, COMPILATION OF MODULE ENDSEM1
OBJECT MODULE PLACED IN endsem1.OBJ
COMPILER INVOKED BY: C:\Keil\C51\BIN\C51.EXE endsem1.c BROWSE DEBUG OBJECTEXTEND TABS(2)

line level    source

   1          #include<at89c5131.h>
   2          #include<stdio.h>
   3          
   4          unsigned char valStr[5];
   5          unsigned int count,index = 0;
   6          float dat;
   7          float dat_arr[5] = (1.555,3.110,4,665,6.220,7.775);
   8          
   9          void init_serial();
  10          void transmit_value(float val);
  11          
  12          void main(void)
  13          {
  14   1        init_serial();
  15   1        while(1)
  16   1        {
  17   2          index = 0;
  18   2          while(index<5)
  19   2          {
  20   3            transmit_value(1.555);
  21   3            transmit_value(3.110);
  22   3            transmit_value(4.665);
  23   3            transmit_value(6.220);
  24   3            transmit_value(7.775);
  25   3          }
  26   2        }
  27   1      }
  28          
  29          void init_serial()
  30          {
  31   1        SCON |= 0xC0;
  32   1        TH1 = 204;
  33   1        TL1 = 204;
  34   1        PCON &= ~(0x80);
  35   1        TMOD |= 0x20;
  36   1        EA = 1;
  37   1        //ES = 1;
  38   1        ES = 0;
  39   1        ET1 = 0;
  40   1        TR1 = 1;
  41   1      }
  42          
  43          void transmit_value(float val)
  44          {
  45   1        sprintf(valStr,"%1.3f\n",val);
  46   1        count = 0;
  47   1        while(count<6)
  48   1        {
  49   2          dat = valStr[count];
  50   2          ACC = 0;
  51   2          ACC = ACC + dat;
  52   2          TB8 = PSW^0;
  53   2          SBUF = dat;
  54   2          while (TI==0);
  55   2          TI = 0;
C51 COMPILER V9.50a   ENDSEM1                                                              10/27/2018 15:22:00 PAGE 2   

  56   2          count = count + 1;
  57   2        }
  58   1        return;
  59   1      }


MODULE INFORMATION:   STATIC OVERLAYABLE
   CODE SIZE        =    203    ----
   CONSTANT SIZE    =      7    ----
   XDATA SIZE       =   ----    ----
   PDATA SIZE       =   ----    ----
   DATA SIZE        =     33    ----
   IDATA SIZE       =   ----    ----
   BIT SIZE         =   ----    ----
END OF MODULE INFORMATION.


C51 COMPILATION COMPLETE.  0 WARNING(S),  0 ERROR(S)
